// Jest Snapshot v1, https://goo.gl/fbAQLP

exports[`should render character 1`] = `
<div>
  <figure>
    <img
      alt="Sarani"
      src="https://place-puppy.com/"
    />
    <figcaption>
      <h3>
        Sarani
      </h3>
      <p>
        Humanoid
      </p>
      <p>
        Status: 
        possibly alive
      </p>
    </figcaption>
  </figure>
</div>
`;
